// Jest Snapshot v1, https://goo.gl/fbAQLP

exports[`<Profile /> matches snapshot 1`] = `
<div>
  <div>
    <b>
      dlswns6532
      1
    </b>
    <span>
      (
      황인준
      )
    </span>
  </div>
</div>
`;
